../Core/Src/main.c:16:6:delay_ms	24	static
../Core/Src/main.c:22:6:enable_spi	16	static
../Core/Src/main.c:34:9:spi_transfer	16	static
../Core/Src/main.c:41:6:write_reg	24	static
../Core/Src/main.c:48:9:read_reg	32	static
../Core/Src/main.c:57:6:Lora_init	32	static
../Core/Src/main.c:97:6:Lora_set_long_range	32	static
../Core/Src/main.c:123:6:Lora_send	40	static
../Core/Src/main.c:145:5:main	16	static
../Core/Src/main.c:169:6:SystemClock_Config	72	static
../Core/Src/main.c:204:13:MX_SPI1_Init	8	static
../Core/Src/main.c:225:13:MX_GPIO_Init	40	static
../Core/Src/main.c:290:6:Error_Handler	4	static,ignoring_inline_asm
